// Vitest Snapshot v1, https://vitest.dev/guide/snapshot.html

exports[`runList > --json structure matches snapshot 1`] = `
{
  "count": 59,
  "sample": [
    {
      "category": "code-quality",
      "defaultEnabled": true,
      "description": "AST/regex scan for \`console.log\`, \`console.debug\`, \`console.error\`, \`console.warn\`, \`debugger\` statements in \`src/\` and equivalent (excludes test files matching \`*.test.*\`, \`*.spec.*\`, \`__tests__/**\`).",
      "id": "console-log-scan",
      "maxSeverity": "major",
      "mode": "static",
      "name": "No console statements in production code",
    },
    {
      "category": "code-quality",
      "defaultEnabled": true,
      "description": "Detects ESLint config (\`.eslintrc*\`, \`eslint.config.*\`, or \`eslintConfig\` in package.json); runs \`npx eslint .\` and parses JSON output. Skips when no config.",
      "id": "eslint-passing",
      "maxSeverity": "major",
      "mode": "static",
      "name": "ESLint configured and passing",
    },
    {
      "category": "code-quality",
      "defaultEnabled": true,
      "description": "Reads \`<projectDir>/.gitignore\`; checks for required patterns: \`node_modules\`, \`.env*\`, \`dist\`, build output, \`.DS_Store\`, IDE configs. Emits one result per missing pattern category.",
      "emitsMultipleResults": true,
      "id": "gitignore-coverage",
      "maxSeverity": "major",
      "mode": "static",
      "name": ".gitignore covers required patterns",
    },
  ],
  "version": "dev",
}
`;
